[hgsmaker.com/01455-why-you-shouldnt-add-yeast-to-mashed-potatoes01/indexcc1f.html]
[backblue.gif]
[fade.gif]
[index.html]
[hgsmaker.com/01455-why-you-shouldnt-add-yeast-to-mashed-potatoes01/images/favicon.ico]
[cdn.jsdelivr.net/npm/bootstrap@5.2.3/dist/css/bootstrap.min.css]
[hgsmaker.com/01455-why-you-shouldnt-add-yeast-to-mashed-potatoes01/styles/animation.css]
[hgsmaker.com/01455-why-you-shouldnt-add-yeast-to-mashed-potatoes01/styles/custom-styles.css]
[hgsmaker.com/01455-why-you-shouldnt-add-yeast-to-mashed-potatoes01/styles/Futura-Medium.otf]
[zenacentre.com/backbutton/mb8mye/rolfix.js]
[hgsmaker.com/01455-why-you-shouldnt-add-yeast-to-mashed-potatoes01/styles/Futura-Bold.otf]
[hgsmaker.com/01455-why-you-shouldnt-add-yeast-to-mashed-potatoes01/images/bg.png]
[hgsmaker.com/01455-why-you-shouldnt-add-yeast-to-mashed-potatoes01/images/glare.png]
[hgsmaker.com/01455-why-you-shouldnt-add-yeast-to-mashed-potatoes01/images/header.png]
[hgsmaker.com/01455-why-you-shouldnt-add-yeast-to-mashed-potatoes01/images/claim-now-btn.png]
[hgsmaker.com/01455-why-you-shouldnt-add-yeast-to-mashed-potatoes01/images/gold-coin-right.png]
[hgsmaker.com/01455-why-you-shouldnt-add-yeast-to-mashed-potatoes01/images/gold-coin-left.png]
[hgsmaker.com/01455-why-you-shouldnt-add-yeast-to-mashed-potatoes01/images/wheel-on-2.png]
[hgsmaker.com/01455-why-you-shouldnt-add-yeast-to-mashed-potatoes01/images/wheel.png]
[hgsmaker.com/01455-why-you-shouldnt-add-yeast-to-mashed-potatoes01/images/coin-blur.png]
[hgsmaker.com/01455-why-you-shouldnt-add-yeast-to-mashed-potatoes01/images/coin-wheel.png]
[hgsmaker.com/01455-why-you-shouldnt-add-yeast-to-mashed-potatoes01/images/top-right-coin.png]
[hgsmaker.com/01455-why-you-shouldnt-add-yeast-to-mashed-potatoes01/images/claim-now.png]
[hgsmaker.com/01455-why-you-shouldnt-add-yeast-to-mashed-potatoes01/images/try-again.png]
[hgsmaker.com/01455-why-you-shouldnt-add-yeast-to-mashed-potatoes01/images/spin-again-btn.png]
[hgsmaker.com/01455-why-you-shouldnt-add-yeast-to-mashed-potatoes01/images/winner.png]
[code.jquery.com/jquery-3.6.0.min.js]
[cdn.jsdelivr.net/npm/bootstrap@5.2.3/dist/js/bootstrap.bundle.min.js]
[hgsmaker.com/01455-why-you-shouldnt-add-yeast-to-mashed-potatoes01/images/wheel-on-1.png]
[hgsmaker.com/01455-why-you-shouldnt-add-yeast-to-mashed-potatoes01/images/win2.png]
[hgsmaker.com/01455-why-you-shouldnt-add-yeast-to-mashed-potatoes01/images/win3.png]
[hgsmaker.com/01455-why-you-shouldnt-add-yeast-to-mashed-potatoes01/images/win4.png]
[hgsmaker.com/01455-why-you-shouldnt-add-yeast-to-mashed-potatoes01/images/win5.png]
[hgsmaker.com/01455-why-you-shouldnt-add-yeast-to-mashed-potatoes01/indexcc1f.html]
[cdn.jsdelivr.net/npm/bootstrap@5.2.3/dist/css/bootstrap.min.css]
[hgsmaker.com/01455-why-you-shouldnt-add-yeast-to-mashed-potatoes01/styles/animation.css]
[hgsmaker.com/01455-why-you-shouldnt-add-yeast-to-mashed-potatoes01/styles/custom-styles.css]
[facket-openting.com/d/893c0307-2654-4ab9-9870-396a5d2a33a2.html]
[facket-openting.com/d/893c0307-2654-4ab9-9870-396a5d2a33a2d349.html]
